// Jest Snapshot v1, https://goo.gl/fbAQLP

exports[`App component should render App component 1`] = `
<BrowserRouter>
  <Switch>
    <Route
      exact={true}
      path={
        Array [
          "/",
          "/search/*",
        ]
      }
    >
      <Header />
      <Sort />
      <Main />
    </Route>
    <Route
      path="/movie/:id"
    >
      <HeaderDescription />
      <SortDescription />
      <Main />
    </Route>
    <Route
      path={
        Array [
          "*",
        ]
      }
    >
      <ErrorPage />
    </Route>
  </Switch>
  <Footer />
</BrowserRouter>
`;
